MPLINK 4.49, Linker
Linker Map File - Created Fri May 13 09:42:29 2022

                                 Section Info
                  Section       Type    Address   Location Size(Bytes)
                ---------  ---------  ---------  ---------  ---------
                   .org_0       code   0x000000    program   0x0000b4



                              Program Memory Usage 
                               Start         End      
                           ---------   ---------      
                            0x000000    0x000059      
            90 out of 1093 program addresses used, program memory utilization is 8%



                              Symbols - Sorted by Name
                     Name    Address   Location    Storage File                     
                ---------  ---------  ---------  --------- ---------                
                        a   0x000053    program     static Z:\Projects\ASMProjects\13_4\13_4.asm
                       a2   0x00004e    program     static Z:\Projects\ASMProjects\13_4\13_4.asm
                     base   0x00003d    program     static Z:\Projects\ASMProjects\13_4\13_4.asm
                     cycl   0x000008    program     static Z:\Projects\ASMProjects\13_4\13_4.asm
                 ledtable   0x000040    program     static Z:\Projects\ASMProjects\13_4\13_4.asm
                    next0   0x000035    program     static Z:\Projects\ASMProjects\13_4\13_4.asm
                    next1   0x00000f    program     static Z:\Projects\ASMProjects\13_4\13_4.asm
                    next2   0x000013    program     static Z:\Projects\ASMProjects\13_4\13_4.asm
                    next3   0x000017    program     static Z:\Projects\ASMProjects\13_4\13_4.asm
                    next4   0x00001e    program     static Z:\Projects\ASMProjects\13_4\13_4.asm
                    next5   0x000022    program     static Z:\Projects\ASMProjects\13_4\13_4.asm
                    next6   0x000026    program     static Z:\Projects\ASMProjects\13_4\13_4.asm
                    next7   0x00002d    program     static Z:\Projects\ASMProjects\13_4\13_4.asm
                    next8   0x000031    program     static Z:\Projects\ASMProjects\13_4\13_4.asm
                    pause   0x00004c    program     static Z:\Projects\ASMProjects\13_4\13_4.asm



                              Symbols - Sorted by Address
                     Name    Address   Location    Storage File                     
                ---------  ---------  ---------  --------- ---------                
                     cycl   0x000008    program     static Z:\Projects\ASMProjects\13_4\13_4.asm
                    next1   0x00000f    program     static Z:\Projects\ASMProjects\13_4\13_4.asm
                    next2   0x000013    program     static Z:\Projects\ASMProjects\13_4\13_4.asm
                    next3   0x000017    program     static Z:\Projects\ASMProjects\13_4\13_4.asm
                    next4   0x00001e    program     static Z:\Projects\ASMProjects\13_4\13_4.asm
                    next5   0x000022    program     static Z:\Projects\ASMProjects\13_4\13_4.asm
                    next6   0x000026    program     static Z:\Projects\ASMProjects\13_4\13_4.asm
                    next7   0x00002d    program     static Z:\Projects\ASMProjects\13_4\13_4.asm
                    next8   0x000031    program     static Z:\Projects\ASMProjects\13_4\13_4.asm
                    next0   0x000035    program     static Z:\Projects\ASMProjects\13_4\13_4.asm
                     base   0x00003d    program     static Z:\Projects\ASMProjects\13_4\13_4.asm
                 ledtable   0x000040    program     static Z:\Projects\ASMProjects\13_4\13_4.asm
                    pause   0x00004c    program     static Z:\Projects\ASMProjects\13_4\13_4.asm
                       a2   0x00004e    program     static Z:\Projects\ASMProjects\13_4\13_4.asm
                        a   0x000053    program     static Z:\Projects\ASMProjects\13_4\13_4.asm


