MPLINK 4.49, Linker
Linker Map File - Created Fri May 20 11:44:42 2022

                                 Section Info
                  Section       Type    Address   Location Size(Bytes)
                ---------  ---------  ---------  ---------  ---------
                   .org_0       code   0x000000    program   0x000056



                              Program Memory Usage 
                               Start         End      
                           ---------   ---------      
                            0x000000    0x00002a      
            43 out of 1093 program addresses used, program memory utilization is 3%



                              Symbols - Sorted by Name
                     Name    Address   Location    Storage File                     
                ---------  ---------  ---------  --------- ---------                
                      a23   0x00001f    program     static Z:\Projects\ASMProjects\13_5\13_5.asm
                     a234   0x000024    program     static Z:\Projects\ASMProjects\13_5\13_5.asm
                   check2   0x00000d    program     static Z:\Projects\ASMProjects\13_5\13_5.asm
                   check3   0x00000f    program     static Z:\Projects\ASMProjects\13_5\13_5.asm
                    close   0x000006    program     static Z:\Projects\ASMProjects\13_5\13_5.asm
                 ledtable   0x000019    program     static Z:\Projects\ASMProjects\13_5\13_5.asm
                     open   0x000011    program     static Z:\Projects\ASMProjects\13_5\13_5.asm
               pause10SEC   0x00001d    program     static Z:\Projects\ASMProjects\13_5\13_5.asm
              setledtable   0x000016    program     static Z:\Projects\ASMProjects\13_5\13_5.asm
            whiletruecycl   0x000009    program     static Z:\Projects\ASMProjects\13_5\13_5.asm



                              Symbols - Sorted by Address
                     Name    Address   Location    Storage File                     
                ---------  ---------  ---------  --------- ---------                
                    close   0x000006    program     static Z:\Projects\ASMProjects\13_5\13_5.asm
            whiletruecycl   0x000009    program     static Z:\Projects\ASMProjects\13_5\13_5.asm
                   check2   0x00000d    program     static Z:\Projects\ASMProjects\13_5\13_5.asm
                   check3   0x00000f    program     static Z:\Projects\ASMProjects\13_5\13_5.asm
                     open   0x000011    program     static Z:\Projects\ASMProjects\13_5\13_5.asm
              setledtable   0x000016    program     static Z:\Projects\ASMProjects\13_5\13_5.asm
                 ledtable   0x000019    program     static Z:\Projects\ASMProjects\13_5\13_5.asm
               pause10SEC   0x00001d    program     static Z:\Projects\ASMProjects\13_5\13_5.asm
                      a23   0x00001f    program     static Z:\Projects\ASMProjects\13_5\13_5.asm
                     a234   0x000024    program     static Z:\Projects\ASMProjects\13_5\13_5.asm


