MPLINK 4.49, Linker
Linker Map File - Created Thu Apr 21 23:36:05 2022

                                 Section Info
                  Section       Type    Address   Location Size(Bytes)
                ---------  ---------  ---------  ---------  ---------
                   .org_0       code   0x000000    program   0x00005a



                              Program Memory Usage 
                               Start         End      
                           ---------   ---------      
                            0x000000    0x00002c      
            45 out of 1093 program addresses used, program memory utilization is 4%



                              Symbols - Sorted by Name
                     Name    Address   Location    Storage File                     
                ---------  ---------  ---------  --------- ---------                
                        a   0x000026    program     static Z:\Projects\ASMProjects\13_3\13_3.asm
                       a2   0x000021    program     static Z:\Projects\ASMProjects\13_3\13_3.asm
                    check   0x000008    program     static Z:\Projects\ASMProjects\13_3\13_3.asm
                    minus   0x000016    program     static Z:\Projects\ASMProjects\13_3\13_3.asm
                    pause   0x00001f    program     static Z:\Projects\ASMProjects\13_3\13_3.asm
                     plus   0x00000d    program     static Z:\Projects\ASMProjects\13_3\13_3.asm



                              Symbols - Sorted by Address
                     Name    Address   Location    Storage File                     
                ---------  ---------  ---------  --------- ---------                
                    check   0x000008    program     static Z:\Projects\ASMProjects\13_3\13_3.asm
                     plus   0x00000d    program     static Z:\Projects\ASMProjects\13_3\13_3.asm
                    minus   0x000016    program     static Z:\Projects\ASMProjects\13_3\13_3.asm
                    pause   0x00001f    program     static Z:\Projects\ASMProjects\13_3\13_3.asm
                       a2   0x000021    program     static Z:\Projects\ASMProjects\13_3\13_3.asm
                        a   0x000026    program     static Z:\Projects\ASMProjects\13_3\13_3.asm


